[      50ms] [LOG] [Fast Refresh] done in 12ms @ http://localhost:3000/_next/static/chunks/node_modules_next_dist_1e8vcs8._.js:776
[     110ms] [INFO] %cDownload the React DevTools for a better development experience: https://react.dev/link/react-devtools font-weight:bold @ http://localhost:3000/_next/static/chunks/node_modules_next_dist_1e8vcs8._.js:776
[     127ms] [LOG] [HMR] connected @ http://localhost:3000/_next/static/chunks/node_modules_next_dist_1e8vcs8._.js:776
[     391ms] [WARNING] THREE.Clock: This module has been deprecated. Please use THREE.Timer instead. @ http://localhost:3000/_next/static/chunks/node_modules_next_dist_1e8vcs8._.js:776
[     988ms] [WARNING] [.WebGL-0x35b400ab3c00] GL_INVALID_VALUE: glTexSubImage2DRobustANGLE: Offset overflows texture dimensions. @ http://localhost:3000/?chapter=0&p=0:0
[     988ms] [WARNING] [.WebGL-0x35b400ab3c00] GL_INVALID_VALUE: glTexSubImage2DRobustANGLE: Offset overflows texture dimensions. @ http://localhost:3000/?chapter=0&p=0:0
[     988ms] [WARNING] [.WebGL-0x35b400ab3c00] GL_INVALID_VALUE: glTexSubImage2DRobustANGLE: Offset overflows texture dimensions. @ http://localhost:3000/?chapter=0&p=0:0
[   50593ms] [LOG] [Fast Refresh] rebuilding @ http://localhost:3000/_next/static/chunks/node_modules_next_dist_1e8vcs8._.js:776
[   50616ms] [LOG] [Fast Refresh] done in 14ms @ http://localhost:3000/_next/static/chunks/node_modules_next_dist_1e8vcs8._.js:776
[   60081ms] [LOG] [Fast Refresh] rebuilding @ http://localhost:3000/_next/static/chunks/node_modules_next_dist_1e8vcs8._.js:776
[   60089ms] TypeError: t.dispose is not a function
    at CoinBurst.useEffect (http://localhost:3000/_next/static/chunks/_1f50ih_._.js?id=%255Bproject%255D/components/canvas/scenes/CoinBurst.jsx+%255Bapp-client%255D+(ecmascript):172:55)
    at Array.forEach (<anonymous>)
    at CoinBurst.useEffect (http://localhost:3000/_next/static/chunks/_1f50ih_._.js?id=%255Bproject%255D/components/canvas/scenes/CoinBurst.jsx+%255Bapp-client%255D+(ecmascript):171:30)
    at Object.react_stack_bottom_frame (http://localhost:3000/_next/static/chunks/node_modules_%40react-three_fiber_dist_events-156d8d12_esm_0wayoq8.js:13292:25)
    at B (http://localhost:3000/_next/static/chunks/node_modules_%40react-three_fiber_dist_events-156d8d12_esm_0wayoq8.js:7924:70)
    at M (http://localhost:3000/_next/static/chunks/node_modules_%40react-three_fiber_dist_events-156d8d12_esm_0wayoq8.js:11029:107)
    at zf (http://localhost:3000/_next/static/chunks/node_modules_%40react-three_fiber_dist_events-156d8d12_esm_0wayoq8.js:11042:32)
    at ph (http://localhost:3000/_next/static/chunks/node_modules_%40react-three_fiber_dist_events-156d8d12_esm_0wayoq8.js:11947:29)
    at Is (http://localhost:3000/_next/static/chunks/node_modules_%40react-three_fiber_dist_events-156d8d12_esm_0wayoq8.js:11883:33)
    at dh (http://localhost:3000/_next/static/chunks/node_modules_%40react-three_fiber_dist_events-156d8d12_esm_0wayoq8.js:11908:25)
    at Is (http://localhost:3000/_next/static/chunks/node_modules_%40react-three_fiber_dist_events-156d8d12_esm_0wayoq8.js:11887:74)
    at dh (http://localhost:3000/_next/static/chunks/node_modules_%40react-three_fiber_dist_events-156d8d12_esm_0wayoq8.js:11905:253)
    at Is (http://localhost:3000/_next/static/chunks/node_modules_%40react-three_fiber_dist_events-156d8d12_esm_0wayoq8.js:11887:74)
    at dh (http://localhost:3000/_next/static/chunks/node_modules_%40react-three_fiber_dist_events-156d8d12_esm_0wayoq8.js:11908:25)
    at Is (http://localhost:3000/_next/static/chunks/node_modules_%40react-three_fiber_dist_events-156d8d12_esm_0wayoq8.js:11887:74)
    at dh (http://localhost:3000/_next/static/chunks/node_modules_%40react-three_fiber_dist_events-156d8d12_esm_0wayoq8.js:11908:25)
    at Is (http://localhost:3000/_next/static/chunks/node_modules_%40react-three_fiber_dist_events-156d8d12_esm_0wayoq8.js:11887:74)
    at dh (http://localhost:3000/_next/static/chunks/node_modules_%40react-three_fiber_dist_events-156d8d12_esm_0wayoq8.js:11908:25)
    at Is (http://localhost:3000/_next/static/chunks/node_modules_%40react-three_fiber_dist_events-156d8d12_esm_0wayoq8.js:11887:74)
    at dh (http://localhost:3000/_next/static/chunks/node_modules_%40react-three_fiber_dist_events-156d8d12_esm_0wayoq8.js:11908:25)
    at Is (http://localhost:3000/_next/static/chunks/node_modules_%40react-three_fiber_dist_events-156d8d12_esm_0wayoq8.js:11887:74)
    at dh (http://localhost:3000/_next/static/chunks/node_modules_%40react-three_fiber_dist_events-156d8d12_esm_0wayoq8.js:11908:25)
    at Is (http://localhost:3000/_next/static/chunks/node_modules_%40react-three_fiber_dist_events-156d8d12_esm_0wayoq8.js:11887:74)
    at dh (http://localhost:3000/_next/static/chunks/node_modules_%40react-three_fiber_dist_events-156d8d12_esm_0wayoq8.js:11908:25)
    at Is (http://localhost:3000/_next/static/chunks/node_modules_%40react-three_fiber_dist_events-156d8d12_esm_0wayoq8.js:11887:74)
    at dh (http://localhost:3000/_next/static/chunks/node_modules_%40react-three_fiber_dist_events-156d8d12_esm_0wayoq8.js:11908:25)
    at Is (http://localhost:3000/_next/static/chunks/node_modules_%40react-three_fiber_dist_events-156d8d12_esm_0wayoq8.js:11887:74)
    at dh (http://localhost:3000/_next/static/chunks/node_modules_%40react-three_fiber_dist_events-156d8d12_esm_0wayoq8.js:11908:25)
    at Is (http://localhost:3000/_next/static/chunks/node_modules_%40react-three_fiber_dist_events-156d8d12_esm_0wayoq8.js:11887:74)
    at dh (http://localhost:3000/_next/static/chunks/node_modules_%40react-three_fiber_dist_events-156d8d12_esm_0wayoq8.js:11908:25)
    at Is (http://localhost:3000/_next/static/chunks/node_modules_%40react-three_fiber_dist_events-156d8d12_esm_0wayoq8.js:11887:74)
    at dh (http://localhost:3000/_next/static/chunks/node_modules_%40react-three_fiber_dist_events-156d8d12_esm_0wayoq8.js:11908:25)
    at Is (http://localhost:3000/_next/static/chunks/node_modules_%40react-three_fiber_dist_events-156d8d12_esm_0wayoq8.js:11887:74)
    at dh (http://localhost:3000/_next/static/chunks/node_modules_%40react-three_fiber_dist_events-156d8d12_esm_0wayoq8.js:11908:25)
    at Is (http://localhost:3000/_next/static/chunks/node_modules_%40react-three_fiber_dist_events-156d8d12_esm_0wayoq8.js:11887:74)
    at dh (http://localhost:3000/_next/static/chunks/node_modules_%40react-three_fiber_dist_events-156d8d12_esm_0wayoq8.js:11908:25)
    at Is (http://localhost:3000/_next/static/chunks/node_modules_%40react-three_fiber_dist_events-156d8d12_esm_0wayoq8.js:11887:74)
    at dh (http://localhost:3000/_next/static/chunks/node_modules_%40react-three_fiber_dist_events-156d8d12_esm_0wayoq8.js:11908:25)
    at Is (http://localhost:3000/_next/static/chunks/node_modules_%40react-three_fiber_dist_events-156d8d12_esm_0wayoq8.js:11887:74)
    at dh (http://localhost:3000/_next/static/chunks/node_modules_%40react-three_fiber_dist_events-156d8d12_esm_0wayoq8.js:11908:25)
    at Is (http://localhost:3000/_next/static/chunks/node_modules_%40react-three_fiber_dist_events-156d8d12_esm_0wayoq8.js:11887:74)
    at dh (http://localhost:3000/_next/static/chunks/node_modules_%40react-three_fiber_dist_events-156d8d12_esm_0wayoq8.js:11908:25)
    at Is (http://localhost:3000/_next/static/chunks/node_modules_%40react-three_fiber_dist_events-156d8d12_esm_0wayoq8.js:11887:74)
    at dh (http://localhost:3000/_next/static/chunks/node_modules_%40react-three_fiber_dist_events-156d8d12_esm_0wayoq8.js:11895:25)
    at Is (http://localhost:3000/_next/static/chunks/node_modules_%40react-three_fiber_dist_events-156d8d12_esm_0wayoq8.js:11887:74)
    at dh (http://localhost:3000/_next/static/chunks/node_modules_%40react-three_fiber_dist_events-156d8d12_esm_0wayoq8.js:11895:25)
    at Is (http://localhost:3000/_next/static/chunks/node_modules_%40react-three_fiber_dist_events-156d8d12_esm_0wayoq8.js:11887:74)
    at dh (http://localhost:3000/_next/static/chunks/node_modules_%40react-three_fiber_dist_events-156d8d12_esm_0wayoq8.js:11895:25)
    at Is (http://localhost:3000/_next/static/chunks/node_modules_%40react-three_fiber_dist_events-156d8d12_esm_0wayoq8.js:11887:74)
    at dh (http://localhost:3000/_next/static/chunks/node_modules_%40react-three_fiber_dist_events-156d8d12_esm_0wayoq8.js:11895:25)
[   60103ms] TypeError: t.dispose is not a function
    at CoinBurst.useEffect (http://localhost:3000/_next/static/chunks/_1f50ih_._.js?id=%255Bproject%255D/components/canvas/scenes/CoinBurst.jsx+%255Bapp-client%255D+(ecmascript):172:55)
    at Array.forEach (<anonymous>)
    at CoinBurst.useEffect (http://localhost:3000/_next/static/chunks/_1f50ih_._.js?id=%255Bproject%255D/components/canvas/scenes/CoinBurst.jsx+%255Bapp-client%255D+(ecmascript):171:30)
    at Object.react_stack_bottom_frame (http://localhost:3000/_next/static/chunks/node_modules_%40react-three_fiber_dist_events-156d8d12_esm_0wayoq8.js:13292:25)
    at B (http://localhost:3000/_next/static/chunks/node_modules_%40react-three_fiber_dist_events-156d8d12_esm_0wayoq8.js:7924:70)
    at M (http://localhost:3000/_next/static/chunks/node_modules_%40react-three_fiber_dist_events-156d8d12_esm_0wayoq8.js:11029:107)
    at zf (http://localhost:3000/_next/static/chunks/node_modules_%40react-three_fiber_dist_events-156d8d12_esm_0wayoq8.js:11042:32)
    at ph (http://localhost:3000/_next/static/chunks/node_modules_%40react-three_fiber_dist_events-156d8d12_esm_0wayoq8.js:11947:29)
    at Is (http://localhost:3000/_next/static/chunks/node_modules_%40react-three_fiber_dist_events-156d8d12_esm_0wayoq8.js:11883:33)
    at dh (http://localhost:3000/_next/static/chunks/node_modules_%40react-three_fiber_dist_events-156d8d12_esm_0wayoq8.js:11908:25)
    at Is (http://localhost:3000/_next/static/chunks/node_modules_%40react-three_fiber_dist_events-156d8d12_esm_0wayoq8.js:11887:74)
    at dh (http://localhost:3000/_next/static/chunks/node_modules_%40react-three_fiber_dist_events-156d8d12_esm_0wayoq8.js:11905:253)
    at Is (http://localhost:3000/_next/static/chunks/node_modules_%40react-three_fiber_dist_events-156d8d12_esm_0wayoq8.js:11887:74)
    at dh (http://localhost:3000/_next/static/chunks/node_modules_%40react-three_fiber_dist_events-156d8d12_esm_0wayoq8.js:11908:25)
    at Is (http://localhost:3000/_next/static/chunks/node_modules_%40react-three_fiber_dist_events-156d8d12_esm_0wayoq8.js:11887:74)
    at dh (http://localhost:3000/_next/static/chunks/node_modules_%40react-three_fiber_dist_events-156d8d12_esm_0wayoq8.js:11908:25)
    at Is (http://localhost:3000/_next/static/chunks/node_modules_%40react-three_fiber_dist_events-156d8d12_esm_0wayoq8.js:11887:74)
    at dh (http://localhost:3000/_next/static/chunks/node_modules_%40react-three_fiber_dist_events-156d8d12_esm_0wayoq8.js:11908:25)
    at Is (http://localhost:3000/_next/static/chunks/node_modules_%40react-three_fiber_dist_events-156d8d12_esm_0wayoq8.js:11887:74)
    at dh (http://localhost:3000/_next/static/chunks/node_modules_%40react-three_fiber_dist_events-156d8d12_esm_0wayoq8.js:11908:25)
    at Is (http://localhost:3000/_next/static/chunks/node_modules_%40react-three_fiber_dist_events-156d8d12_esm_0wayoq8.js:11887:74)
    at dh (http://localhost:3000/_next/static/chunks/node_modules_%40react-three_fiber_dist_events-156d8d12_esm_0wayoq8.js:11908:25)
    at Is (http://localhost:3000/_next/static/chunks/node_modules_%40react-three_fiber_dist_events-156d8d12_esm_0wayoq8.js:11887:74)
    at dh (http://localhost:3000/_next/static/chunks/node_modules_%40react-three_fiber_dist_events-156d8d12_esm_0wayoq8.js:11908:25)
    at Is (http://localhost:3000/_next/static/chunks/node_modules_%40react-three_fiber_dist_events-156d8d12_esm_0wayoq8.js:11887:74)
    at dh (http://localhost:3000/_next/static/chunks/node_modules_%40react-three_fiber_dist_events-156d8d12_esm_0wayoq8.js:11908:25)
    at Is (http://localhost:3000/_next/static/chunks/node_modules_%40react-three_fiber_dist_events-156d8d12_esm_0wayoq8.js:11887:74)
    at dh (http://localhost:3000/_next/static/chunks/node_modules_%40react-three_fiber_dist_events-156d8d12_esm_0wayoq8.js:11908:25)
    at Is (http://localhost:3000/_next/static/chunks/node_modules_%40react-three_fiber_dist_events-156d8d12_esm_0wayoq8.js:11887:74)
    at dh (http://localhost:3000/_next/static/chunks/node_modules_%40react-three_fiber_dist_events-156d8d12_esm_0wayoq8.js:11908:25)
    at Is (http://localhost:3000/_next/static/chunks/node_modules_%40react-three_fiber_dist_events-156d8d12_esm_0wayoq8.js:11887:74)
    at dh (http://localhost:3000/_next/static/chunks/node_modules_%40react-three_fiber_dist_events-156d8d12_esm_0wayoq8.js:11908:25)
    at Is (http://localhost:3000/_next/static/chunks/node_modules_%40react-three_fiber_dist_events-156d8d12_esm_0wayoq8.js:11887:74)
    at dh (http://localhost:3000/_next/static/chunks/node_modules_%40react-three_fiber_dist_events-156d8d12_esm_0wayoq8.js:11908:25)
    at Is (http://localhost:3000/_next/static/chunks/node_modules_%40react-three_fiber_dist_events-156d8d12_esm_0wayoq8.js:11887:74)
    at dh (http://localhost:3000/_next/static/chunks/node_modules_%40react-three_fiber_dist_events-156d8d12_esm_0wayoq8.js:11908:25)
    at Is (http://localhost:3000/_next/static/chunks/node_modules_%40react-three_fiber_dist_events-156d8d12_esm_0wayoq8.js:11887:74)
    at dh (http://localhost:3000/_next/static/chunks/node_modules_%40react-three_fiber_dist_events-156d8d12_esm_0wayoq8.js:11908:25)
    at Is (http://localhost:3000/_next/static/chunks/node_modules_%40react-three_fiber_dist_events-156d8d12_esm_0wayoq8.js:11887:74)
    at dh (http://localhost:3000/_next/static/chunks/node_modules_%40react-three_fiber_dist_events-156d8d12_esm_0wayoq8.js:11908:25)
    at Is (http://localhost:3000/_next/static/chunks/node_modules_%40react-three_fiber_dist_events-156d8d12_esm_0wayoq8.js:11887:74)
    at dh (http://localhost:3000/_next/static/chunks/node_modules_%40react-three_fiber_dist_events-156d8d12_esm_0wayoq8.js:11908:25)
    at Is (http://localhost:3000/_next/static/chunks/node_modules_%40react-three_fiber_dist_events-156d8d12_esm_0wayoq8.js:11887:74)
    at dh (http://localhost:3000/_next/static/chunks/node_modules_%40react-three_fiber_dist_events-156d8d12_esm_0wayoq8.js:11895:25)
    at Is (http://localhost:3000/_next/static/chunks/node_modules_%40react-three_fiber_dist_events-156d8d12_esm_0wayoq8.js:11887:74)
    at dh (http://localhost:3000/_next/static/chunks/node_modules_%40react-three_fiber_dist_events-156d8d12_esm_0wayoq8.js:11895:25)
    at Is (http://localhost:3000/_next/static/chunks/node_modules_%40react-three_fiber_dist_events-156d8d12_esm_0wayoq8.js:11887:74)
    at dh (http://localhost:3000/_next/static/chunks/node_modules_%40react-three_fiber_dist_events-156d8d12_esm_0wayoq8.js:11895:25)
    at Is (http://localhost:3000/_next/static/chunks/node_modules_%40react-three_fiber_dist_events-156d8d12_esm_0wayoq8.js:11887:74)
    at dh (http://localhost:3000/_next/static/chunks/node_modules_%40react-three_fiber_dist_events-156d8d12_esm_0wayoq8.js:11895:25)
[   60189ms] [LOG] [Fast Refresh] done in 10ms @ http://localhost:3000/_next/static/chunks/node_modules_next_dist_1e8vcs8._.js:776
[   60693ms] [LOG] THREE.WebGLRenderer: Context Lost. @ http://localhost:3000/_next/static/chunks/node_modules_next_dist_1e8vcs8._.js:776
